=== order_conveyor.txt rc=0
  ! + FullyQualifiedErrorId : CommandNotFoundException
  ! + FullyQualifiedErrorId : CommandNotFoundException
  ! + FullyQualifiedErrorId : CommandNotFoundException
  ! 2026-10-07T13:38:59.812118Z ERROR codex_core::tools::router: error=patch rejected: writing outside of the project; rejected by user approval settings
  ! + FullyQualifiedErrorId : UnauthorizedAccess
  ! + FullyQualifiedErrorId : MethodNotFound
  ! + FullyQualifiedErrorId : Expected 4 frame runs, found 1.
  ! + FullyQualifiedErrorId : MethodNotFound
완료했습니다. 내장 이미지 생성 기능만 사용했으며 CLI/API 키 폴백은 사용하지 않았습니다.

생성 파일:

- `obj_conveyor_1.png` ~ `obj_conveyor_4.png`
- `preview_conveyor.png`
- [check_conveyor.md](C:/won/UnityProject/AvengingSprit/Projects/AVSR/_exchange/in/batch/check_conveyor.md)

저장 위치: `Projects/AVSR/_exchange/in/batch/`

검증 결과:

- 각 부품: 정확히 `72×72px`
- 알파 값: 전 파일 `0, 255`만 존재
- 반투명 가장자리 없음
- 프리뷰: 가로 연결 및 시계 방향 회전 세로 조립 포함
- 후처리: 프레임 분리, 최근접 크기 조정, 이진 알파 정리만 적용

사용한 최종 프롬프트는 PD 시안을 엄격한 외형·색상·재질 기준으로 지정하고, 4프레임 우향 루프와 투명 배경, 도트 밀도, 좌상단 광원, 짙은 외곽선을 명시했습니다.

=== order_floor8.txt rc=0
  ! + FullyQualifiedErrorId : CommandNotFoundException
  ! + FullyQualifiedErrorId : CommandNotFoundException
  ! + FullyQualifiedErrorId : CommandNotFoundException
  ! + FullyQualifiedErrorId : UnauthorizedAccess
`obj_collapse_1.png` ~ `obj_collapse_4.png`
- `obj_switch_1.png`, `obj_switch_2.png`
- [preview_floor8.png](C:/won/UnityProject/AvengingSprit/Projects/AVSR/_exchange/in/batch/preview_floor8.png)
- [check_floor8.md](C:/won/UnityProject/AvengingSprit/Projects/AVSR/_exchange/in/batch/check_floor8.md)

저장 위치: [batch 폴더](C:/won/UnityProject/AvengingSprit/Projects/AVSR/_exchange/in/batch/)

검사 결과:

- 개별 자산: 모두 `72×72`
- 알파 값: 모두 `0, 255`만 사용
- 마젠타 계열 불투명 픽셀: 모두 `0`
- 미리보기: `288×144`

최종 프롬프트 세트는 시안 하단을 기준으로 금속 격자 붕괴 4단계와 동일 테두리의 적색/녹색 스위치 2상태를 각각 재현하도록 구성했으며, 좌상단 광원·위험 띠·도트 밀도·투명 배경·짙은 외곽선을 고정했습니다.

